DEBUG:asyncio:Using selector: KqueueSelector
DEBUG:asyncio:Using selector: KqueueSelector
DEBUG:python_multipart.multipart:Calling on_part_begin with no data
DEBUG:python_multipart.multipart:Calling on_header_field with data[50:69]
DEBUG:python_multipart.multipart:Calling on_header_value with data[71:123]
DEBUG:python_multipart.multipart:Calling on_header_end with no data
DEBUG:python_multipart.multipart:Calling on_header_field with data[125:137]
DEBUG:python_multipart.multipart:Calling on_header_value with data[139:163]
DEBUG:python_multipart.multipart:Calling on_header_end with no data
DEBUG:python_multipart.multipart:Calling on_headers_finished with no data
DEBUG:python_multipart.multipart:Calling on_part_data with data[167:22574]
DEBUG:python_multipart.multipart:Calling on_part_end with no data
DEBUG:python_multipart.multipart:Calling on_end with no data
ERROR:root:Upload Error
Traceback (most recent call last):
  File "/Users/wangfeifei/code/amr_studio_v4/backend/main.py", line 106, in upload_cmodel
    decode_cmodel(str(cmodel_path), str(decode_out))
    ~~~~~~~~~~~~~^^^^^^^^^^^^^^^^^^^^^^^^^^^^^^^^^^^
  File "/Users/wangfeifei/code/amr_studio_v4/backend/skills_v2/cmodel_decoder/decoder.py", line 88, in decode_cmodel
    shutil.rmtree(temp_dir)
    ~~~~~~~~~~~~~^^^^^^^^^^
  File "/opt/homebrew/Cellar/python@3.14/3.14.0/Frameworks/Python.framework/Versions/3.14/lib/python3.14/shutil.py", line 852, in rmtree
    _rmtree_impl(path, dir_fd, onexc)
    ~~~~~~~~~~~~^^^^^^^^^^^^^^^^^^^^^
  File "/opt/homebrew/Cellar/python@3.14/3.14.0/Frameworks/Python.framework/Versions/3.14/lib/python3.14/shutil.py", line 721, in _rmtree_safe_fd
    _rmtree_safe_fd_step(stack, onexc)
    ~~~~~~~~~~~~~~~~~~~~^^^^^^^^^^^^^^
  File "/opt/homebrew/Cellar/python@3.14/3.14.0/Frameworks/Python.framework/Versions/3.14/lib/python3.14/shutil.py", line 799, in _rmtree_safe_fd_step
    onexc(func, path, err)
    ~~~~~^^^^^^^^^^^^^^^^^
  File "/opt/homebrew/Cellar/python@3.14/3.14.0/Frameworks/Python.framework/Versions/3.14/lib/python3.14/shutil.py", line 760, in _rmtree_safe_fd_step
    orig_st = os.lstat(name, dir_fd=dirfd)
FileNotFoundError: [Errno 2] No such file or directory: '/var/folders/h5/8wgq3sf53_5b4rp2cr9z9vf40000gn/T/tmpqpwxdaqh/decoded/temp_extracted'
INFO:root:Cleanup skipped for debug. Temp dir: /var/folders/h5/8wgq3sf53_5b4rp2cr9z9vf40000gn/T/tmpqpwxdaqh
DEBUG:asyncio:Using selector: KqueueSelector
DEBUG:python_multipart.multipart:Calling on_part_begin with no data
DEBUG:python_multipart.multipart:Calling on_header_field with data[50:69]
DEBUG:python_multipart.multipart:Calling on_header_value with data[71:123]
DEBUG:python_multipart.multipart:Calling on_header_end with no data
DEBUG:python_multipart.multipart:Calling on_header_field with data[125:137]
DEBUG:python_multipart.multipart:Calling on_header_value with data[139:163]
DEBUG:python_multipart.multipart:Calling on_header_end with no data
DEBUG:python_multipart.multipart:Calling on_headers_finished with no data
DEBUG:python_multipart.multipart:Calling on_part_data with data[167:22574]
DEBUG:python_multipart.multipart:Calling on_part_end with no data
DEBUG:python_multipart.multipart:Calling on_end with no data
ERROR:root:Upload Error
Traceback (most recent call last):
  File "/Users/wangfeifei/code/amr_studio_v4/backend/main.py", line 106, in upload_cmodel
    decode_cmodel(str(cmodel_path), str(decode_out))
    ~~~~~~~~~~~~~^^^^^^^^^^^^^^^^^^^^^^^^^^^^^^^^^^^
  File "/Users/wangfeifei/code/amr_studio_v4/backend/skills_v2/cmodel_decoder/decoder.py", line 88, in decode_cmodel
    if __name__ == "__main__":
        ^^^^^^^^^^^^^^^^^^^^^^
  File "/opt/homebrew/Cellar/python@3.14/3.14.0/Frameworks/Python.framework/Versions/3.14/lib/python3.14/shutil.py", line 852, in rmtree
    _rmtree_impl(path, dir_fd, onexc)
    ~~~~~~~~~~~~^^^^^^^^^^^^^^^^^^^^^
  File "/opt/homebrew/Cellar/python@3.14/3.14.0/Frameworks/Python.framework/Versions/3.14/lib/python3.14/shutil.py", line 721, in _rmtree_safe_fd
    _rmtree_safe_fd_step(stack, onexc)
    ~~~~~~~~~~~~~~~~~~~~^^^^^^^^^^^^^^
  File "/opt/homebrew/Cellar/python@3.14/3.14.0/Frameworks/Python.framework/Versions/3.14/lib/python3.14/shutil.py", line 799, in _rmtree_safe_fd_step
    onexc(func, path, err)
    ~~~~~^^^^^^^^^^^^^^^^^
  File "/opt/homebrew/Cellar/python@3.14/3.14.0/Frameworks/Python.framework/Versions/3.14/lib/python3.14/shutil.py", line 760, in _rmtree_safe_fd_step
    orig_st = os.lstat(name, dir_fd=dirfd)
FileNotFoundError: [Errno 2] No such file or directory: '/var/folders/h5/8wgq3sf53_5b4rp2cr9z9vf40000gn/T/tmps59t79f9/decoded/temp_extracted'
INFO:root:Cleanup skipped for debug. Temp dir: /var/folders/h5/8wgq3sf53_5b4rp2cr9z9vf40000gn/T/tmps59t79f9
DEBUG:asyncio:Using selector: KqueueSelector
DEBUG:python_multipart.multipart:Calling on_part_begin with no data
DEBUG:python_multipart.multipart:Calling on_header_field with data[50:69]
DEBUG:python_multipart.multipart:Calling on_header_value with data[71:123]
DEBUG:python_multipart.multipart:Calling on_header_end with no data
DEBUG:python_multipart.multipart:Calling on_header_field with data[125:137]
DEBUG:python_multipart.multipart:Calling on_header_value with data[139:163]
DEBUG:python_multipart.multipart:Calling on_header_end with no data
DEBUG:python_multipart.multipart:Calling on_headers_finished with no data
DEBUG:python_multipart.multipart:Calling on_part_data with data[167:22574]
DEBUG:python_multipart.multipart:Calling on_part_end with no data
DEBUG:python_multipart.multipart:Calling on_end with no data
ERROR:root:Upload Error
Traceback (most recent call last):
  File "/Users/wangfeifei/code/amr_studio_v4/backend/main.py", line 106, in upload_cmodel
    decode_cmodel(str(cmodel_path), str(decode_out))
    ~~~~~~~~~~~~~^^^^^^^^^^^^^^^^^^^^^^^^^^^^^^^^^^^
  File "/Users/wangfeifei/code/amr_studio_v4/backend/skills_v2/cmodel_decoder/decoder.py", line 88, in decode_cmodel
  File "/opt/homebrew/Cellar/python@3.14/3.14.0/Frameworks/Python.framework/Versions/3.14/lib/python3.14/shutil.py", line 852, in rmtree
    _rmtree_impl(path, dir_fd, onexc)
    ~~~~~~~~~~~~^^^^^^^^^^^^^^^^^^^^^
  File "/opt/homebrew/Cellar/python@3.14/3.14.0/Frameworks/Python.framework/Versions/3.14/lib/python3.14/shutil.py", line 721, in _rmtree_safe_fd
    _rmtree_safe_fd_step(stack, onexc)
    ~~~~~~~~~~~~~~~~~~~~^^^^^^^^^^^^^^
  File "/opt/homebrew/Cellar/python@3.14/3.14.0/Frameworks/Python.framework/Versions/3.14/lib/python3.14/shutil.py", line 799, in _rmtree_safe_fd_step
    onexc(func, path, err)
    ~~~~~^^^^^^^^^^^^^^^^^
  File "/opt/homebrew/Cellar/python@3.14/3.14.0/Frameworks/Python.framework/Versions/3.14/lib/python3.14/shutil.py", line 760, in _rmtree_safe_fd_step
    orig_st = os.lstat(name, dir_fd=dirfd)
FileNotFoundError: [Errno 2] No such file or directory: '/var/folders/h5/8wgq3sf53_5b4rp2cr9z9vf40000gn/T/tmpi3q6obct/decoded/temp_extracted'
INFO:root:Cleanup skipped for debug. Temp dir: /var/folders/h5/8wgq3sf53_5b4rp2cr9z9vf40000gn/T/tmpi3q6obct
DEBUG:python_multipart.multipart:Calling on_part_begin with no data
DEBUG:python_multipart.multipart:Calling on_header_field with data[50:69]
DEBUG:python_multipart.multipart:Calling on_header_value with data[71:123]
DEBUG:python_multipart.multipart:Calling on_header_end with no data
DEBUG:python_multipart.multipart:Calling on_header_field with data[125:137]
DEBUG:python_multipart.multipart:Calling on_header_value with data[139:163]
DEBUG:python_multipart.multipart:Calling on_header_end with no data
DEBUG:python_multipart.multipart:Calling on_headers_finished with no data
DEBUG:python_multipart.multipart:Calling on_part_data with data[167:22574]
DEBUG:python_multipart.multipart:Calling on_part_end with no data
DEBUG:python_multipart.multipart:Calling on_end with no data
ERROR:root:Upload Error
Traceback (most recent call last):
  File "/Users/wangfeifei/code/amr_studio_v4/backend/main.py", line 106, in upload_cmodel
    decode_cmodel(str(cmodel_path), str(decode_out))
    ~~~~~~~~~~~~~^^^^^^^^^^^^^^^^^^^^^^^^^^^^^^^^^^^
  File "/Users/wangfeifei/code/amr_studio_v4/backend/skills_v2/cmodel_decoder/decoder.py", line 88, in decode_cmodel
  File "/opt/homebrew/Cellar/python@3.14/3.14.0/Frameworks/Python.framework/Versions/3.14/lib/python3.14/shutil.py", line 852, in rmtree
    _rmtree_impl(path, dir_fd, onexc)
    ~~~~~~~~~~~~^^^^^^^^^^^^^^^^^^^^^
  File "/opt/homebrew/Cellar/python@3.14/3.14.0/Frameworks/Python.framework/Versions/3.14/lib/python3.14/shutil.py", line 721, in _rmtree_safe_fd
    _rmtree_safe_fd_step(stack, onexc)
    ~~~~~~~~~~~~~~~~~~~~^^^^^^^^^^^^^^
  File "/opt/homebrew/Cellar/python@3.14/3.14.0/Frameworks/Python.framework/Versions/3.14/lib/python3.14/shutil.py", line 799, in _rmtree_safe_fd_step
    onexc(func, path, err)
    ~~~~~^^^^^^^^^^^^^^^^^
  File "/opt/homebrew/Cellar/python@3.14/3.14.0/Frameworks/Python.framework/Versions/3.14/lib/python3.14/shutil.py", line 760, in _rmtree_safe_fd_step
    orig_st = os.lstat(name, dir_fd=dirfd)
FileNotFoundError: [Errno 2] No such file or directory: '/var/folders/h5/8wgq3sf53_5b4rp2cr9z9vf40000gn/T/tmp1uv9wsoj/decoded/temp_extracted'
INFO:root:Cleanup skipped for debug. Temp dir: /var/folders/h5/8wgq3sf53_5b4rp2cr9z9vf40000gn/T/tmp1uv9wsoj
DEBUG:python_multipart.multipart:Calling on_part_begin with no data
DEBUG:python_multipart.multipart:Calling on_header_field with data[50:69]
DEBUG:python_multipart.multipart:Calling on_header_value with data[71:123]
DEBUG:python_multipart.multipart:Calling on_header_end with no data
DEBUG:python_multipart.multipart:Calling on_header_field with data[125:137]
DEBUG:python_multipart.multipart:Calling on_header_value with data[139:163]
DEBUG:python_multipart.multipart:Calling on_header_end with no data
DEBUG:python_multipart.multipart:Calling on_headers_finished with no data
DEBUG:python_multipart.multipart:Calling on_part_data with data[167:22574]
DEBUG:python_multipart.multipart:Calling on_part_end with no data
DEBUG:python_multipart.multipart:Calling on_end with no data
ERROR:root:Upload Error
Traceback (most recent call last):
  File "/Users/wangfeifei/code/amr_studio_v4/backend/main.py", line 106, in upload_cmodel
    decode_cmodel(str(cmodel_path), str(decode_out))
    ~~~~~~~~~~~~~^^^^^^^^^^^^^^^^^^^^^^^^^^^^^^^^^^^
  File "/Users/wangfeifei/code/amr_studio_v4/backend/skills_v2/cmodel_decoder/decoder.py", line 88, in decode_cmodel
  File "/opt/homebrew/Cellar/python@3.14/3.14.0/Frameworks/Python.framework/Versions/3.14/lib/python3.14/shutil.py", line 852, in rmtree
    _rmtree_impl(path, dir_fd, onexc)
    ~~~~~~~~~~~~^^^^^^^^^^^^^^^^^^^^^
  File "/opt/homebrew/Cellar/python@3.14/3.14.0/Frameworks/Python.framework/Versions/3.14/lib/python3.14/shutil.py", line 721, in _rmtree_safe_fd
    _rmtree_safe_fd_step(stack, onexc)
    ~~~~~~~~~~~~~~~~~~~~^^^^^^^^^^^^^^
  File "/opt/homebrew/Cellar/python@3.14/3.14.0/Frameworks/Python.framework/Versions/3.14/lib/python3.14/shutil.py", line 799, in _rmtree_safe_fd_step
    onexc(func, path, err)
    ~~~~~^^^^^^^^^^^^^^^^^
  File "/opt/homebrew/Cellar/python@3.14/3.14.0/Frameworks/Python.framework/Versions/3.14/lib/python3.14/shutil.py", line 760, in _rmtree_safe_fd_step
    orig_st = os.lstat(name, dir_fd=dirfd)
FileNotFoundError: [Errno 2] No such file or directory: '/var/folders/h5/8wgq3sf53_5b4rp2cr9z9vf40000gn/T/tmp6lprgupd/decoded/temp_extracted'
INFO:root:Cleanup skipped for debug. Temp dir: /var/folders/h5/8wgq3sf53_5b4rp2cr9z9vf40000gn/T/tmp6lprgupd
DEBUG:python_multipart.multipart:Calling on_part_begin with no data
DEBUG:python_multipart.multipart:Calling on_header_field with data[50:69]
DEBUG:python_multipart.multipart:Calling on_header_value with data[71:123]
DEBUG:python_multipart.multipart:Calling on_header_end with no data
DEBUG:python_multipart.multipart:Calling on_header_field with data[125:137]
DEBUG:python_multipart.multipart:Calling on_header_value with data[139:163]
DEBUG:python_multipart.multipart:Calling on_header_end with no data
DEBUG:python_multipart.multipart:Calling on_headers_finished with no data
DEBUG:python_multipart.multipart:Calling on_part_data with data[167:22574]
DEBUG:python_multipart.multipart:Calling on_part_end with no data
DEBUG:python_multipart.multipart:Calling on_end with no data
ERROR:root:Upload Error
Traceback (most recent call last):
  File "/Users/wangfeifei/code/amr_studio_v4/backend/main.py", line 106, in upload_cmodel
    decode_cmodel(str(cmodel_path), str(decode_out))
    ~~~~~~~~~~~~~^^^^^^^^^^^^^^^^^^^^^^^^^^^^^^^^^^^
  File "/Users/wangfeifei/code/amr_studio_v4/backend/skills_v2/cmodel_decoder/decoder.py", line 88, in decode_cmodel
  File "/opt/homebrew/Cellar/python@3.14/3.14.0/Frameworks/Python.framework/Versions/3.14/lib/python3.14/shutil.py", line 852, in rmtree
    _rmtree_impl(path, dir_fd, onexc)
    ~~~~~~~~~~~~^^^^^^^^^^^^^^^^^^^^^
  File "/opt/homebrew/Cellar/python@3.14/3.14.0/Frameworks/Python.framework/Versions/3.14/lib/python3.14/shutil.py", line 721, in _rmtree_safe_fd
    _rmtree_safe_fd_step(stack, onexc)
    ~~~~~~~~~~~~~~~~~~~~^^^^^^^^^^^^^^
  File "/opt/homebrew/Cellar/python@3.14/3.14.0/Frameworks/Python.framework/Versions/3.14/lib/python3.14/shutil.py", line 799, in _rmtree_safe_fd_step
    onexc(func, path, err)
    ~~~~~^^^^^^^^^^^^^^^^^
  File "/opt/homebrew/Cellar/python@3.14/3.14.0/Frameworks/Python.framework/Versions/3.14/lib/python3.14/shutil.py", line 760, in _rmtree_safe_fd_step
    orig_st = os.lstat(name, dir_fd=dirfd)
FileNotFoundError: [Errno 2] No such file or directory: '/var/folders/h5/8wgq3sf53_5b4rp2cr9z9vf40000gn/T/tmpkggv464w/decoded/temp_extracted'
INFO:root:Cleanup skipped for debug. Temp dir: /var/folders/h5/8wgq3sf53_5b4rp2cr9z9vf40000gn/T/tmpkggv464w
DEBUG:python_multipart.multipart:Calling on_part_begin with no data
DEBUG:python_multipart.multipart:Calling on_header_field with data[50:69]
DEBUG:python_multipart.multipart:Calling on_header_value with data[71:123]
DEBUG:python_multipart.multipart:Calling on_header_end with no data
DEBUG:python_multipart.multipart:Calling on_header_field with data[125:137]
DEBUG:python_multipart.multipart:Calling on_header_value with data[139:163]
DEBUG:python_multipart.multipart:Calling on_header_end with no data
DEBUG:python_multipart.multipart:Calling on_headers_finished with no data
DEBUG:python_multipart.multipart:Calling on_part_data with data[167:22574]
DEBUG:python_multipart.multipart:Calling on_part_end with no data
DEBUG:python_multipart.multipart:Calling on_end with no data
ERROR:root:Upload Error
Traceback (most recent call last):
  File "/Users/wangfeifei/code/amr_studio_v4/backend/main.py", line 106, in upload_cmodel
    decode_cmodel(str(cmodel_path), str(decode_out))
    ~~~~~~~~~~~~~^^^^^^^^^^^^^^^^^^^^^^^^^^^^^^^^^^^
  File "/Users/wangfeifei/code/amr_studio_v4/backend/skills_v2/cmodel_decoder/decoder.py", line 88, in decode_cmodel
  File "/opt/homebrew/Cellar/python@3.14/3.14.0/Frameworks/Python.framework/Versions/3.14/lib/python3.14/shutil.py", line 852, in rmtree
    _rmtree_impl(path, dir_fd, onexc)
    ~~~~~~~~~~~~^^^^^^^^^^^^^^^^^^^^^
  File "/opt/homebrew/Cellar/python@3.14/3.14.0/Frameworks/Python.framework/Versions/3.14/lib/python3.14/shutil.py", line 721, in _rmtree_safe_fd
    _rmtree_safe_fd_step(stack, onexc)
    ~~~~~~~~~~~~~~~~~~~~^^^^^^^^^^^^^^
  File "/opt/homebrew/Cellar/python@3.14/3.14.0/Frameworks/Python.framework/Versions/3.14/lib/python3.14/shutil.py", line 799, in _rmtree_safe_fd_step
    onexc(func, path, err)
    ~~~~~^^^^^^^^^^^^^^^^^
  File "/opt/homebrew/Cellar/python@3.14/3.14.0/Frameworks/Python.framework/Versions/3.14/lib/python3.14/shutil.py", line 760, in _rmtree_safe_fd_step
    orig_st = os.lstat(name, dir_fd=dirfd)
FileNotFoundError: [Errno 2] No such file or directory: '/var/folders/h5/8wgq3sf53_5b4rp2cr9z9vf40000gn/T/tmp888o5wo0/decoded/temp_extracted'
INFO:root:Cleanup skipped for debug. Temp dir: /var/folders/h5/8wgq3sf53_5b4rp2cr9z9vf40000gn/T/tmp888o5wo0
DEBUG:python_multipart.multipart:Calling on_part_begin with no data
DEBUG:python_multipart.multipart:Calling on_header_field with data[50:69]
DEBUG:python_multipart.multipart:Calling on_header_value with data[71:123]
DEBUG:python_multipart.multipart:Calling on_header_end with no data
DEBUG:python_multipart.multipart:Calling on_header_field with data[125:137]
DEBUG:python_multipart.multipart:Calling on_header_value with data[139:163]
DEBUG:python_multipart.multipart:Calling on_header_end with no data
DEBUG:python_multipart.multipart:Calling on_headers_finished with no data
DEBUG:python_multipart.multipart:Calling on_part_data with data[167:22574]
DEBUG:python_multipart.multipart:Calling on_part_end with no data
DEBUG:python_multipart.multipart:Calling on_end with no data
ERROR:root:Upload Error
Traceback (most recent call last):
  File "/Users/wangfeifei/code/amr_studio_v4/backend/main.py", line 106, in upload_cmodel
    decode_cmodel(str(cmodel_path), str(decode_out))
    ~~~~~~~~~~~~~^^^^^^^^^^^^^^^^^^^^^^^^^^^^^^^^^^^
  File "/Users/wangfeifei/code/amr_studio_v4/backend/skills_v2/cmodel_decoder/decoder.py", line 88, in decode_cmodel
  File "/opt/homebrew/Cellar/python@3.14/3.14.0/Frameworks/Python.framework/Versions/3.14/lib/python3.14/shutil.py", line 852, in rmtree
    _rmtree_impl(path, dir_fd, onexc)
    ~~~~~~~~~~~~^^^^^^^^^^^^^^^^^^^^^
  File "/opt/homebrew/Cellar/python@3.14/3.14.0/Frameworks/Python.framework/Versions/3.14/lib/python3.14/shutil.py", line 721, in _rmtree_safe_fd
    _rmtree_safe_fd_step(stack, onexc)
    ~~~~~~~~~~~~~~~~~~~~^^^^^^^^^^^^^^
  File "/opt/homebrew/Cellar/python@3.14/3.14.0/Frameworks/Python.framework/Versions/3.14/lib/python3.14/shutil.py", line 799, in _rmtree_safe_fd_step
    onexc(func, path, err)
    ~~~~~^^^^^^^^^^^^^^^^^
  File "/opt/homebrew/Cellar/python@3.14/3.14.0/Frameworks/Python.framework/Versions/3.14/lib/python3.14/shutil.py", line 760, in _rmtree_safe_fd_step
    orig_st = os.lstat(name, dir_fd=dirfd)
FileNotFoundError: [Errno 2] No such file or directory: '/var/folders/h5/8wgq3sf53_5b4rp2cr9z9vf40000gn/T/tmp71si_uwu/decoded/temp_extracted'
INFO:root:Cleanup skipped for debug. Temp dir: /var/folders/h5/8wgq3sf53_5b4rp2cr9z9vf40000gn/T/tmp71si_uwu
DEBUG:python_multipart.multipart:Calling on_part_begin with no data
DEBUG:python_multipart.multipart:Calling on_header_field with data[50:69]
DEBUG:python_multipart.multipart:Calling on_header_value with data[71:123]
DEBUG:python_multipart.multipart:Calling on_header_end with no data
DEBUG:python_multipart.multipart:Calling on_header_field with data[125:137]
DEBUG:python_multipart.multipart:Calling on_header_value with data[139:163]
DEBUG:python_multipart.multipart:Calling on_header_end with no data
DEBUG:python_multipart.multipart:Calling on_headers_finished with no data
DEBUG:python_multipart.multipart:Calling on_part_data with data[167:22574]
DEBUG:python_multipart.multipart:Calling on_part_end with no data
DEBUG:python_multipart.multipart:Calling on_end with no data
ERROR:root:Upload Error
Traceback (most recent call last):
  File "/Users/wangfeifei/code/amr_studio_v4/backend/main.py", line 106, in upload_cmodel
    decode_cmodel(str(cmodel_path), str(decode_out))
    ~~~~~~~~~~~~~^^^^^^^^^^^^^^^^^^^^^^^^^^^^^^^^^^^
  File "/Users/wangfeifei/code/amr_studio_v4/backend/skills_v2/cmodel_decoder/decoder.py", line 88, in decode_cmodel
  File "/opt/homebrew/Cellar/python@3.14/3.14.0/Frameworks/Python.framework/Versions/3.14/lib/python3.14/shutil.py", line 852, in rmtree
    _rmtree_impl(path, dir_fd, onexc)
    ~~~~~~~~~~~~^^^^^^^^^^^^^^^^^^^^^
  File "/opt/homebrew/Cellar/python@3.14/3.14.0/Frameworks/Python.framework/Versions/3.14/lib/python3.14/shutil.py", line 721, in _rmtree_safe_fd
    _rmtree_safe_fd_step(stack, onexc)
    ~~~~~~~~~~~~~~~~~~~~^^^^^^^^^^^^^^
  File "/opt/homebrew/Cellar/python@3.14/3.14.0/Frameworks/Python.framework/Versions/3.14/lib/python3.14/shutil.py", line 799, in _rmtree_safe_fd_step
    onexc(func, path, err)
    ~~~~~^^^^^^^^^^^^^^^^^
  File "/opt/homebrew/Cellar/python@3.14/3.14.0/Frameworks/Python.framework/Versions/3.14/lib/python3.14/shutil.py", line 760, in _rmtree_safe_fd_step
    orig_st = os.lstat(name, dir_fd=dirfd)
FileNotFoundError: [Errno 2] No such file or directory: '/var/folders/h5/8wgq3sf53_5b4rp2cr9z9vf40000gn/T/tmpzfczuz7_/decoded/temp_extracted'
INFO:root:Cleanup skipped for debug. Temp dir: /var/folders/h5/8wgq3sf53_5b4rp2cr9z9vf40000gn/T/tmpzfczuz7_
DEBUG:python_multipart.multipart:Calling on_part_begin with no data
DEBUG:python_multipart.multipart:Calling on_header_field with data[50:69]
DEBUG:python_multipart.multipart:Calling on_header_value with data[71:123]
DEBUG:python_multipart.multipart:Calling on_header_end with no data
DEBUG:python_multipart.multipart:Calling on_header_field with data[125:137]
DEBUG:python_multipart.multipart:Calling on_header_value with data[139:163]
DEBUG:python_multipart.multipart:Calling on_header_end with no data
DEBUG:python_multipart.multipart:Calling on_headers_finished with no data
DEBUG:python_multipart.multipart:Calling on_part_data with data[167:22574]
DEBUG:python_multipart.multipart:Calling on_part_end with no data
DEBUG:python_multipart.multipart:Calling on_end with no data
ERROR:root:Upload Error
Traceback (most recent call last):
  File "/Users/wangfeifei/code/amr_studio_v4/backend/main.py", line 106, in upload_cmodel
    decode_cmodel(str(cmodel_path), str(decode_out))
    ~~~~~~~~~~~~~^^^^^^^^^^^^^^^^^^^^^^^^^^^^^^^^^^^
  File "/Users/wangfeifei/code/amr_studio_v4/backend/skills_v2/cmodel_decoder/decoder.py", line 88, in decode_cmodel
  File "/opt/homebrew/Cellar/python@3.14/3.14.0/Frameworks/Python.framework/Versions/3.14/lib/python3.14/shutil.py", line 852, in rmtree
    _rmtree_impl(path, dir_fd, onexc)
    ~~~~~~~~~~~~^^^^^^^^^^^^^^^^^^^^^
  File "/opt/homebrew/Cellar/python@3.14/3.14.0/Frameworks/Python.framework/Versions/3.14/lib/python3.14/shutil.py", line 721, in _rmtree_safe_fd
    _rmtree_safe_fd_step(stack, onexc)
    ~~~~~~~~~~~~~~~~~~~~^^^^^^^^^^^^^^
  File "/opt/homebrew/Cellar/python@3.14/3.14.0/Frameworks/Python.framework/Versions/3.14/lib/python3.14/shutil.py", line 799, in _rmtree_safe_fd_step
    onexc(func, path, err)
    ~~~~~^^^^^^^^^^^^^^^^^
  File "/opt/homebrew/Cellar/python@3.14/3.14.0/Frameworks/Python.framework/Versions/3.14/lib/python3.14/shutil.py", line 760, in _rmtree_safe_fd_step
    orig_st = os.lstat(name, dir_fd=dirfd)
FileNotFoundError: [Errno 2] No such file or directory: '/var/folders/h5/8wgq3sf53_5b4rp2cr9z9vf40000gn/T/tmprwzbfh5j/decoded/temp_extracted'
INFO:root:Cleanup skipped for debug. Temp dir: /var/folders/h5/8wgq3sf53_5b4rp2cr9z9vf40000gn/T/tmprwzbfh5j
DEBUG:python_multipart.multipart:Calling on_part_begin with no data
DEBUG:python_multipart.multipart:Calling on_header_field with data[50:69]
DEBUG:python_multipart.multipart:Calling on_header_value with data[71:123]
DEBUG:python_multipart.multipart:Calling on_header_end with no data
DEBUG:python_multipart.multipart:Calling on_header_field with data[125:137]
DEBUG:python_multipart.multipart:Calling on_header_value with data[139:163]
DEBUG:python_multipart.multipart:Calling on_header_end with no data
DEBUG:python_multipart.multipart:Calling on_headers_finished with no data
DEBUG:python_multipart.multipart:Calling on_part_data with data[167:22574]
DEBUG:python_multipart.multipart:Calling on_part_end with no data
DEBUG:python_multipart.multipart:Calling on_end with no data
ERROR:root:Upload Error
Traceback (most recent call last):
  File "/Users/wangfeifei/code/amr_studio_v4/backend/main.py", line 106, in upload_cmodel
    decode_cmodel(str(cmodel_path), str(decode_out))
    ~~~~~~~~~~~~~^^^^^^^^^^^^^^^^^^^^^^^^^^^^^^^^^^^
  File "/Users/wangfeifei/code/amr_studio_v4/backend/skills_v2/cmodel_decoder/decoder.py", line 88, in decode_cmodel
  File "/opt/homebrew/Cellar/python@3.14/3.14.0/Frameworks/Python.framework/Versions/3.14/lib/python3.14/shutil.py", line 852, in rmtree
    _rmtree_impl(path, dir_fd, onexc)
    ~~~~~~~~~~~~^^^^^^^^^^^^^^^^^^^^^
  File "/opt/homebrew/Cellar/python@3.14/3.14.0/Frameworks/Python.framework/Versions/3.14/lib/python3.14/shutil.py", line 721, in _rmtree_safe_fd
    _rmtree_safe_fd_step(stack, onexc)
    ~~~~~~~~~~~~~~~~~~~~^^^^^^^^^^^^^^
  File "/opt/homebrew/Cellar/python@3.14/3.14.0/Frameworks/Python.framework/Versions/3.14/lib/python3.14/shutil.py", line 799, in _rmtree_safe_fd_step
    onexc(func, path, err)
    ~~~~~^^^^^^^^^^^^^^^^^
  File "/opt/homebrew/Cellar/python@3.14/3.14.0/Frameworks/Python.framework/Versions/3.14/lib/python3.14/shutil.py", line 760, in _rmtree_safe_fd_step
    orig_st = os.lstat(name, dir_fd=dirfd)
FileNotFoundError: [Errno 2] No such file or directory: '/var/folders/h5/8wgq3sf53_5b4rp2cr9z9vf40000gn/T/tmpb8tsc6bo/decoded/temp_extracted'
INFO:root:Cleanup skipped for debug. Temp dir: /var/folders/h5/8wgq3sf53_5b4rp2cr9z9vf40000gn/T/tmpb8tsc6bo
DEBUG:python_multipart.multipart:Calling on_part_begin with no data
DEBUG:python_multipart.multipart:Calling on_header_field with data[50:69]
DEBUG:python_multipart.multipart:Calling on_header_value with data[71:123]
DEBUG:python_multipart.multipart:Calling on_header_end with no data
DEBUG:python_multipart.multipart:Calling on_header_field with data[125:137]
DEBUG:python_multipart.multipart:Calling on_header_value with data[139:163]
DEBUG:python_multipart.multipart:Calling on_header_end with no data
DEBUG:python_multipart.multipart:Calling on_headers_finished with no data
DEBUG:python_multipart.multipart:Calling on_part_data with data[167:22574]
DEBUG:python_multipart.multipart:Calling on_part_end with no data
DEBUG:python_multipart.multipart:Calling on_end with no data
ERROR:root:Upload Error
Traceback (most recent call last):
  File "/Users/wangfeifei/code/amr_studio_v4/backend/main.py", line 106, in upload_cmodel
    decode_cmodel(str(cmodel_path), str(decode_out))
    ~~~~~~~~~~~~~^^^^^^^^^^^^^^^^^^^^^^^^^^^^^^^^^^^
  File "/Users/wangfeifei/code/amr_studio_v4/backend/skills_v2/cmodel_decoder/decoder.py", line 88, in decode_cmodel
  File "/opt/homebrew/Cellar/python@3.14/3.14.0/Frameworks/Python.framework/Versions/3.14/lib/python3.14/shutil.py", line 852, in rmtree
    _rmtree_impl(path, dir_fd, onexc)
    ~~~~~~~~~~~~^^^^^^^^^^^^^^^^^^^^^
  File "/opt/homebrew/Cellar/python@3.14/3.14.0/Frameworks/Python.framework/Versions/3.14/lib/python3.14/shutil.py", line 721, in _rmtree_safe_fd
    _rmtree_safe_fd_step(stack, onexc)
    ~~~~~~~~~~~~~~~~~~~~^^^^^^^^^^^^^^
  File "/opt/homebrew/Cellar/python@3.14/3.14.0/Frameworks/Python.framework/Versions/3.14/lib/python3.14/shutil.py", line 799, in _rmtree_safe_fd_step
    onexc(func, path, err)
    ~~~~~^^^^^^^^^^^^^^^^^
  File "/opt/homebrew/Cellar/python@3.14/3.14.0/Frameworks/Python.framework/Versions/3.14/lib/python3.14/shutil.py", line 760, in _rmtree_safe_fd_step
    orig_st = os.lstat(name, dir_fd=dirfd)
FileNotFoundError: [Errno 2] No such file or directory: '/var/folders/h5/8wgq3sf53_5b4rp2cr9z9vf40000gn/T/tmpt66kc97v/decoded/temp_extracted'
INFO:root:Cleanup skipped for debug. Temp dir: /var/folders/h5/8wgq3sf53_5b4rp2cr9z9vf40000gn/T/tmpt66kc97v
DEBUG:asyncio:Using selector: KqueueSelector
DEBUG:python_multipart.multipart:Calling on_part_begin with no data
DEBUG:python_multipart.multipart:Calling on_header_field with data[50:69]
DEBUG:python_multipart.multipart:Calling on_header_value with data[71:123]
DEBUG:python_multipart.multipart:Calling on_header_end with no data
DEBUG:python_multipart.multipart:Calling on_header_field with data[125:137]
DEBUG:python_multipart.multipart:Calling on_header_value with data[139:163]
DEBUG:python_multipart.multipart:Calling on_header_end with no data
DEBUG:python_multipart.multipart:Calling on_headers_finished with no data
DEBUG:python_multipart.multipart:Calling on_part_data with data[167:22574]
DEBUG:python_multipart.multipart:Calling on_part_end with no data
DEBUG:python_multipart.multipart:Calling on_end with no data
DEBUG:python_multipart.multipart:Calling on_part_begin with no data
DEBUG:python_multipart.multipart:Calling on_header_field with data[50:69]
DEBUG:python_multipart.multipart:Calling on_header_value with data[71:120]
DEBUG:python_multipart.multipart:Calling on_header_end with no data
DEBUG:python_multipart.multipart:Calling on_header_field with data[122:134]
DEBUG:python_multipart.multipart:Calling on_header_value with data[136:160]
DEBUG:python_multipart.multipart:Calling on_header_end with no data
DEBUG:python_multipart.multipart:Calling on_headers_finished with no data
DEBUG:python_multipart.multipart:Calling on_part_data with data[164:22571]
DEBUG:python_multipart.multipart:Calling on_part_end with no data
DEBUG:python_multipart.multipart:Calling on_end with no data
