🚀 Starting Unified Server on http://127.0.0.1:8002
INFO:     Started server process [86241]
INFO:     Waiting for application startup.
INFO:     Application startup complete.
INFO:     Uvicorn running on http://127.0.0.1:8002 (Press CTRL+C to quit)
DEBUG: Entering compile_cmodel_api for proj_1234_reborn
INFO:     127.0.0.1:49306 - "POST /api/v1/models/proj_1234_reborn/compile HTTP/1.1" 200 OK
DEBUG: upload_cmodel called for ModelSet39.cmodel
Reading /var/folders/h5/8wgq3sf53_5b4rp2cr9z9vf40000gn/T/tmpuxvysyyz/decoded/CompDesc.json...
Split complete. Extracted 20 modules.
Blueprint saved to: /var/folders/h5/8wgq3sf53_5b4rp2cr9z9vf40000gn/T/tmpuxvysyyz/split/blueprint_CompDesc.json
INFO:     127.0.0.1:49505 - "POST /api/v1/models/upload HTTP/1.1" 200 OK
INFO:     127.0.0.1:49507 - "GET /api/v1/models/proj_1c7bca9c/abilities HTTP/1.1" 200 OK
INFO:     127.0.0.1:49543 - "GET /api/v1/models/proj_1c7bca9c/components/a6c2a0ccb9da489c8d58d7a583493893 HTTP/1.1" 200 OK
DEBUG: Skipping invalid module covers-Common: module 'core.resource_adapter' has no attribute 'xml_to_component_json'
DEBUG: Skipping invalid module LS-MR-LS-05H-N4017: module 'core.resource_adapter' has no attribute 'xml_to_component_json'
INFO:     127.0.0.1:49546 - "GET /api/v1/models/proj_1c7bca9c/components/a6c2a0ccb9da489c8d58d7a583493893 HTTP/1.1" 200 OK
DEBUG: Skipping invalid module button-Common: module 'core.resource_adapter' has no attribute 'xml_to_component_json'
DEBUG: Skipping invalid module RA-IC_I-F-1R6BH0: module 'core.resource_adapter' has no attribute 'xml_to_component_json'
DEBUG: Skipping invalid module MCPU-RA-MC-R318BN: module 'core.resource_adapter' has no attribute 'xml_to_component_json'
DEBUG: Skipping invalid module rotate-Q3: module 'core.resource_adapter' has no attribute 'xml_to_component_json'
DEBUG: Skipping invalid module INCEncoder: module 'core.resource_adapter' has no attribute 'xml_to_component_json'
DEBUG: Skipping invalid module DWD-R-Q3: module 'core.resource_adapter' has no attribute 'xml_to_component_json'
DEBUG: Skipping invalid module WIFI-Common: module 'core.resource_adapter' has no attribute 'xml_to_component_json'
DEBUG: Skipping invalid module weakTurnWheel-Common: module 'core.resource_adapter' has no attribute 'xml_to_component_json'
DEBUG: Skipping invalid module PX-SP12-04BNA: module 'core.resource_adapter' has no attribute 'xml_to_component_json'
DEBUG: Skipping invalid module powerController-Common: module 'core.resource_adapter' has no attribute 'xml_to_component_json'
DEBUG: Skipping invalid module DIFF_STEER_WHEEL(单差速舵轮): module 'core.resource_adapter' has no attribute 'xml_to_component_json'
DEBUG: Skipping invalid module safetyIOModule-Common: module 'core.resource_adapter' has no attribute 'xml_to_component_json'
DEBUG: Skipping invalid module IOModule-Common: module 'core.resource_adapter' has no attribute 'xml_to_component_json'
DEBUG: Skipping invalid module 5G-Common: module 'core.resource_adapter' has no attribute 'xml_to_component_json'
DEBUG: Skipping invalid module IO module 4in4out: module 'core.resource_adapter' has no attribute 'xml_to_component_json'
DEBUG: Skipping invalid module codeReader-Common: module 'core.resource_adapter' has no attribute 'xml_to_component_json'
DEBUG: Skipping invalid module F6-2000 SteerWheel: module 'core.resource_adapter' has no attribute 'xml_to_component_json'
DEBUG: Skipping invalid module RA-DRD-4825DB: module 'core.resource_adapter' has no attribute 'xml_to_component_json'
DEBUG: Skipping invalid module mainCPU-Common: module 'core.resource_adapter' has no attribute 'xml_to_component_json'
DEBUG: Skipping invalid module PMSMMotor-Common: module 'core.resource_adapter' has no attribute 'xml_to_component_json'
DEBUG: Skipping invalid module SteerChassis_SingleWheel: module 'core.resource_adapter' has no attribute 'xml_to_component_json'
DEBUG: Skipping invalid module ABS_ENCODE: module 'core.resource_adapter' has no attribute 'xml_to_component_json'
DEBUG: Skipping invalid module SM020BA-45: module 'core.resource_adapter' has no attribute 'xml_to_component_json'
DEBUG: Skipping invalid module F6-2000 servo_driver: module 'core.resource_adapter' has no attribute 'xml_to_component_json'
DEBUG: Skipping invalid module block-Common: module 'core.resource_adapter' has no attribute 'xml_to_component_json'
DEBUG: Skipping invalid module segDisplays-Common: module 'core.resource_adapter' has no attribute 'xml_to_component_json'
DEBUG: Skipping invalid module verticalSteerWheel-Common: module 'core.resource_adapter' has no attribute 'xml_to_component_json'
DEBUG: Skipping invalid module 3DTOF-Common: module 'core.resource_adapter' has no attribute 'xml_to_component_json'
DEBUG: Skipping invalid module pullWireEncode-Common: module 'core.resource_adapter' has no attribute 'xml_to_component_json'
DEBUG: Skipping invalid module MR-LS-06H-N3025N: module 'core.resource_adapter' has no attribute 'xml_to_component_json'
DEBUG: Skipping invalid module SDSP-MV-85017(V1.0)-GD: module 'core.resource_adapter' has no attribute 'xml_to_component_json'
DEBUG: Skipping invalid module IxLII 20.40.48.C: module 'core.resource_adapter' has no attribute 'xml_to_component_json'
DEBUG: Skipping invalid module SD-R-Q3-DriveVV1: module 'core.resource_adapter' has no attribute 'xml_to_component_json'
DEBUG: Skipping invalid module STEREO-MV-EB435i: module 'core.resource_adapter' has no attribute 'xml_to_component_json'
DEBUG: Skipping invalid module TOF-Common: module 'core.resource_adapter' has no attribute 'xml_to_component_json'
DEBUG: Skipping invalid module carrier-Common: module 'core.resource_adapter' has no attribute 'xml_to_component_json'
DEBUG: Skipping invalid module ethernetSwitch-Common: module 'core.resource_adapter' has no attribute 'xml_to_component_json'
DEBUG: Skipping invalid module incrementalEncode-Common: module 'core.resource_adapter' has no attribute 'xml_to_component_json'
DEBUG: Skipping invalid module lift-Q3: module 'core.resource_adapter' has no attribute 'xml_to_component_json'
DEBUG: Skipping invalid module steerChassis-Common: module 'core.resource_adapter' has no attribute 'xml_to_component_json'
DEBUG: Skipping invalid module audioIn-Common: module 'core.resource_adapter' has no attribute 'xml_to_component_json'
DEBUG: Skipping invalid module LS-MID_360: module 'core.resource_adapter' has no attribute 'xml_to_component_json'
DEBUG: Skipping invalid module BDCMotor-Common: module 'core.resource_adapter' has no attribute 'xml_to_component_json'
DEBUG: Skipping invalid module SD-RA-DRD-4814SA: module 'core.resource_adapter' has no attribute 'xml_to_component_json'
DEBUG: Skipping invalid module 5G-TE310: module 'core.resource_adapter' has no attribute 'xml_to_component_json'
DEBUG: Skipping invalid module DIFF_STEER_WHEELS_DOUBL(双差速舵轮): module 'core.resource_adapter' has no attribute 'xml_to_component_json'
DEBUG: Skipping invalid module ABZEncode-Common: module 'core.resource_adapter' has no attribute 'xml_to_component_json'
DEBUG: Skipping invalid module WARLIGHT-RS-PLS-L563T01: module 'core.resource_adapter' has no attribute 'xml_to_component_json'
DEBUG: Skipping invalid module linear-Common: module 'core.resource_adapter' has no attribute 'xml_to_component_json'
DEBUG: Skipping invalid module PIO-Common: module 'core.resource_adapter' has no attribute 'xml_to_component_json'
DEBUG: Skipping invalid module SteerChassis_DoubleWheel: module 'core.resource_adapter' has no attribute 'xml_to_component_json'
DEBUG: Skipping invalid module F6-2000 _motor(RUN): module 'core.resource_adapter' has no attribute 'xml_to_component_json'
DEBUG: Skipping invalid module MOTOR-MCXL501TAF3KM: module 'core.resource_adapter' has no attribute 'xml_to_component_json'
DEBUG: Skipping invalid module TYD150-SM07530BA-20-11020-SM020BA-45.H173: module 'core.resource_adapter' has no attribute 'xml_to_component_json'
DEBUG: Skipping invalid module laser-Common: module 'core.resource_adapter' has no attribute 'xml_to_component_json'
DEBUG: Skipping invalid module AbsEncoder-H8: module 'core.resource_adapter' has no attribute 'xml_to_component_json'
DEBUG: Skipping invalid module charge-Common: module 'core.resource_adapter' has no attribute 'xml_to_component_json'
DEBUG: Skipping invalid module RFID-Common: module 'core.resource_adapter' has no attribute 'xml_to_component_json'
DEBUG: Skipping invalid module LAMP-MV-85016-REV1.0: module 'core.resource_adapter' has no attribute 'xml_to_component_json'
DEBUG: Skipping invalid module LS-MR-LS-01F: module 'core.resource_adapter' has no attribute 'xml_to_component_json'
DEBUG: Skipping invalid module diffSteerWheel-Common: module 'core.resource_adapter' has no attribute 'xml_to_component_json'
DEBUG: Skipping invalid module IxLII 30.60.48.C : module 'core.resource_adapter' has no attribute 'xml_to_component_json'
DEBUG: Skipping invalid module safetyController-Common: module 'core.resource_adapter' has no attribute 'xml_to_component_json'
DEBUG: Skipping invalid module MCPU-RA-MC-R349AD-21BH0: module 'core.resource_adapter' has no attribute 'xml_to_component_json'
DEBUG: Skipping invalid module binocularCameraProcessor-Common: module 'core.resource_adapter' has no attribute 'xml_to_component_json'
DEBUG: Skipping invalid module proximitySensor-Common: module 'core.resource_adapter' has no attribute 'xml_to_component_json'
DEBUG: Skipping invalid module prechargeController-Common: module 'core.resource_adapter' has no attribute 'xml_to_component_json'
DEBUG: Skipping invalid module clamp-Common: module 'core.resource_adapter' has no attribute 'xml_to_component_json'
DEBUG: Skipping invalid module demo_sensor: module 'core.resource_adapter' has no attribute 'xml_to_component_json'
DEBUG: Skipping invalid module MOTOR-MCXL501TAFUKM: module 'core.resource_adapter' has no attribute 'xml_to_component_json'
DEBUG: Skipping invalid module rotate-Common: module 'core.resource_adapter' has no attribute 'xml_to_component_json'
DEBUG: Skipping invalid module BTN-NoEmergency: module 'core.resource_adapter' has no attribute 'xml_to_component_json'
DEBUG: Skipping invalid module SC-R-fourth-safety controller-NS.02.R-A1: module 'core.resource_adapter' has no attribute 'xml_to_component_json'
DEBUG: Skipping invalid module IC-R-fourth-sensor processor-NS.02.R-A1: module 'core.resource_adapter' has no attribute 'xml_to_component_json'
DEBUG: Skipping invalid module Q3-600LE-DIF: module 'core.resource_adapter' has no attribute 'xml_to_component_json'
DEBUG: Skipping invalid module H8-Steerwheel: module 'core.resource_adapter' has no attribute 'xml_to_component_json'
DEBUG: Skipping invalid module infrared-Common: module 'core.resource_adapter' has no attribute 'xml_to_component_json'
DEBUG: Skipping invalid module BAT-U-MR-LFP-480024-F1-C-Aa0: module 'core.resource_adapter' has no attribute 'xml_to_component_json'
DEBUG: Skipping invalid module translation-Common: module 'core.resource_adapter' has no attribute 'xml_to_component_json'
DEBUG: Skipping invalid module horizontalSteerWheel-Common: module 'core.resource_adapter' has no attribute 'xml_to_component_json'
DEBUG: Skipping invalid module warningLight-Common: module 'core.resource_adapter' has no attribute 'xml_to_component_json'
DEBUG: Skipping invalid module BAT-LSM18-J050LB-T0: module 'core.resource_adapter' has no attribute 'xml_to_component_json'
DEBUG: Skipping invalid module Power Controller board: module 'core.resource_adapter' has no attribute 'xml_to_component_json'
DEBUG: Skipping invalid module power-Common: module 'core.resource_adapter' has no attribute 'xml_to_component_json'
DEBUG: Skipping invalid module lamp-Common: module 'core.resource_adapter' has no attribute 'xml_to_component_json'
DEBUG: Skipping invalid module SM020BB-50: module 'core.resource_adapter' has no attribute 'xml_to_component_json'
DEBUG: Skipping invalid module SM15030BA-20: module 'core.resource_adapter' has no attribute 'xml_to_component_json'
DEBUG: Skipping invalid module collisionBaro-Common: module 'core.resource_adapter' has no attribute 'xml_to_component_json'
DEBUG: Skipping invalid module DIFF_WHEELS(差速轮组): module 'core.resource_adapter' has no attribute 'xml_to_component_json'
DEBUG: Skipping invalid module MOTOR-00SV04202-0750K-012: module 'core.resource_adapter' has no attribute 'xml_to_component_json'
DEBUG: Skipping invalid module tempSensor-Common: module 'core.resource_adapter' has no attribute 'xml_to_component_json'
DEBUG: Skipping invalid module comDo-Common: module 'core.resource_adapter' has no attribute 'xml_to_component_json'
DEBUG: Skipping invalid module LS-MR-LS-01H-N2725: module 'core.resource_adapter' has no attribute 'xml_to_component_json'
DEBUG: Skipping invalid module GYRO-GENERAL: module 'core.resource_adapter' has no attribute 'xml_to_component_json'
DEBUG: Skipping invalid module bluetooth-Common: module 'core.resource_adapter' has no attribute 'xml_to_component_json'
DEBUG: Skipping invalid module audioOut-Common: module 'core.resource_adapter' has no attribute 'xml_to_component_json'
DEBUG: Skipping invalid module SSC-RS-HMI-LED: module 'core.resource_adapter' has no attribute 'xml_to_component_json'
DEBUG: Skipping invalid module BLDCMotor-Common: module 'core.resource_adapter' has no attribute 'xml_to_component_json'
DEBUG: Skipping invalid module interfaceModule: module 'core.resource_adapter' has no attribute 'xml_to_component_json'
DEBUG: Skipping invalid module BTN-Cable-Mizu2F-to-Switch-70mm-RD-BK: module 'core.resource_adapter' has no attribute 'xml_to_component_json'
DEBUG: Skipping invalid module IM-R-R-Commen-Upper board-PC.COM.-A1: module 'core.resource_adapter' has no attribute 'xml_to_component_json'
DEBUG: Skipping invalid module weighProcessor-Common: module 'core.resource_adapter' has no attribute 'xml_to_component_json'
DEBUG: Skipping invalid module EC-SV11D1-100M01NB-C01: module 'core.resource_adapter' has no attribute 'xml_to_component_json'
DEBUG: Skipping invalid module LS-MR-LS-01F-S1533: module 'core.resource_adapter' has no attribute 'xml_to_component_json'
DEBUG: Skipping invalid module gyro-Common: module 'core.resource_adapter' has no attribute 'xml_to_component_json'
DEBUG: Skipping invalid module RemoteControl: module 'core.resource_adapter' has no attribute 'xml_to_component_json'
DEBUG: Skipping invalid module IO-lnterface board: module 'core.resource_adapter' has no attribute 'xml_to_component_json'
DEBUG: Skipping invalid module intergratedController-Common: module 'core.resource_adapter' has no attribute 'xml_to_component_json'
DEBUG: Skipping invalid module battery-Common: module 'core.resource_adapter' has no attribute 'xml_to_component_json'
DEBUG: Skipping invalid module ultrasonicSensor-Common: module 'core.resource_adapter' has no attribute 'xml_to_component_json'
DEBUG: Skipping invalid module TOFProcessor-Common: module 'core.resource_adapter' has no attribute 'xml_to_component_json'
DEBUG: Skipping invalid module WAPI-Common: module 'core.resource_adapter' has no attribute 'xml_to_component_json'
DEBUG: Skipping invalid module TYD150-SM07530BA-18.9-10020-SM020BB-50: module 'core.resource_adapter' has no attribute 'xml_to_component_json'
DEBUG: Skipping invalid module MR-LS-06H-N3025(1-6A): module 'core.resource_adapter' has no attribute 'xml_to_component_json'
DEBUG: Skipping invalid module VER_STEER_WHEELS_DOUBL(双立式舵轮): module 'core.resource_adapter' has no attribute 'xml_to_component_json'
DEBUG: Skipping invalid module lift-Common: module 'core.resource_adapter' has no attribute 'xml_to_component_json'
DEBUG: Skipping invalid module subDriver-Common: module 'core.resource_adapter' has no attribute 'xml_to_component_json'
DEBUG: Skipping invalid module RA-SP_E-A-11AH0: module 'core.resource_adapter' has no attribute 'xml_to_component_json'
DEBUG: Skipping invalid module MR-LS-07H-S2025(1-6C): module 'core.resource_adapter' has no attribute 'xml_to_component_json'
DEBUG: Skipping invalid module screen-Common: module 'core.resource_adapter' has no attribute 'xml_to_component_json'
DEBUG: Skipping invalid module SM15030BA-18.9: module 'core.resource_adapter' has no attribute 'xml_to_component_json'
DEBUG: Skipping invalid module screenHDMI-Common: module 'core.resource_adapter' has no attribute 'xml_to_component_json'
DEBUG: Skipping invalid module stereo-Common: module 'core.resource_adapter' has no attribute 'xml_to_component_json'
DEBUG: Skipping invalid module weighSensor-Common: module 'core.resource_adapter' has no attribute 'xml_to_component_json'
DEBUG: Skipping invalid module encoderProcessor-Common: module 'core.resource_adapter' has no attribute 'xml_to_component_json'
DEBUG: Skipping invalid module PZTB-WMN-A539-850-A0: module 'core.resource_adapter' has no attribute 'xml_to_component_json'
DEBUG: Skipping invalid module absoluteValueEncode-Common: module 'core.resource_adapter' has no attribute 'xml_to_component_json'
DEBUG: Skipping invalid module MCPU-RA-MC-R318AT: module 'core.resource_adapter' has no attribute 'xml_to_component_json'
DEBUG: Skipping invalid module PX-SN18-08BNAE-1: module 'core.resource_adapter' has no attribute 'xml_to_component_json'
DEBUG: Skipping invalid module 3DLaser-Common: module 'core.resource_adapter' has no attribute 'xml_to_component_json'
DEBUG: Skipping invalid module ultrasonicProcessor-Common: module 'core.resource_adapter' has no attribute 'xml_to_component_json'
DEBUG: Skipping invalid module CAMERA-MV_SC2000AM: module 'core.resource_adapter' has no attribute 'xml_to_component_json'
DEBUG: Skipping invalid module audioOutWithCan-Common: module 'core.resource_adapter' has no attribute 'xml_to_component_json'
DEBUG: Skipping invalid module AUO-R-MV-83139-Speak: module 'core.resource_adapter' has no attribute 'xml_to_component_json'
DEBUG: Skipping invalid module weakSteerWheel-Common: module 'core.resource_adapter' has no attribute 'xml_to_component_json'
DEBUG: Skipping invalid module ABZEncode: module 'core.resource_adapter' has no attribute 'xml_to_component_json'
DEBUG: Skipping invalid module collisionPize-Common: module 'core.resource_adapter' has no attribute 'xml_to_component_json'
DEBUG: Skipping invalid module BTN-Emergency: module 'core.resource_adapter' has no attribute 'xml_to_component_json'
DEBUG: Skipping invalid module demo_module: module 'core.resource_adapter' has no attribute 'xml_to_component_json'
DEBUG: Skipping invalid module PT-Common: module 'core.resource_adapter' has no attribute 'xml_to_component_json'
DEBUG: Skipping invalid module diffChassis-Common: module 'core.resource_adapter' has no attribute 'xml_to_component_json'
DEBUG: Skipping invalid module diffWheel-Common: module 'core.resource_adapter' has no attribute 'xml_to_component_json'
INFO:     127.0.0.1:49545 - "GET /api/v1/resources/modules HTTP/1.1" 200 OK
DEBUG: Skipping invalid module covers-Common: module 'core.resource_adapter' has no attribute 'xml_to_component_json'
DEBUG: Skipping invalid module LS-MR-LS-05H-N4017: module 'core.resource_adapter' has no attribute 'xml_to_component_json'
DEBUG: Skipping invalid module button-Common: module 'core.resource_adapter' has no attribute 'xml_to_component_json'
DEBUG: Skipping invalid module RA-IC_I-F-1R6BH0: module 'core.resource_adapter' has no attribute 'xml_to_component_json'
DEBUG: Skipping invalid module MCPU-RA-MC-R318BN: module 'core.resource_adapter' has no attribute 'xml_to_component_json'
DEBUG: Skipping invalid module rotate-Q3: module 'core.resource_adapter' has no attribute 'xml_to_component_json'
DEBUG: Skipping invalid module INCEncoder: module 'core.resource_adapter' has no attribute 'xml_to_component_json'
DEBUG: Skipping invalid module DWD-R-Q3: module 'core.resource_adapter' has no attribute 'xml_to_component_json'
DEBUG: Skipping invalid module WIFI-Common: module 'core.resource_adapter' has no attribute 'xml_to_component_json'
DEBUG: Skipping invalid module weakTurnWheel-Common: module 'core.resource_adapter' has no attribute 'xml_to_component_json'
DEBUG: Skipping invalid module PX-SP12-04BNA: module 'core.resource_adapter' has no attribute 'xml_to_component_json'
DEBUG: Skipping invalid module powerController-Common: module 'core.resource_adapter' has no attribute 'xml_to_component_json'
DEBUG: Skipping invalid module DIFF_STEER_WHEEL(单差速舵轮): module 'core.resource_adapter' has no attribute 'xml_to_component_json'
DEBUG: Skipping invalid module safetyIOModule-Common: module 'core.resource_adapter' has no attribute 'xml_to_component_json'
DEBUG: Skipping invalid module IOModule-Common: module 'core.resource_adapter' has no attribute 'xml_to_component_json'
DEBUG: Skipping invalid module 5G-Common: module 'core.resource_adapter' has no attribute 'xml_to_component_json'
DEBUG: Skipping invalid module IO module 4in4out: module 'core.resource_adapter' has no attribute 'xml_to_component_json'
DEBUG: Skipping invalid module codeReader-Common: module 'core.resource_adapter' has no attribute 'xml_to_component_json'
DEBUG: Skipping invalid module F6-2000 SteerWheel: module 'core.resource_adapter' has no attribute 'xml_to_component_json'
DEBUG: Skipping invalid module RA-DRD-4825DB: module 'core.resource_adapter' has no attribute 'xml_to_component_json'
DEBUG: Skipping invalid module mainCPU-Common: module 'core.resource_adapter' has no attribute 'xml_to_component_json'
DEBUG: Skipping invalid module PMSMMotor-Common: module 'core.resource_adapter' has no attribute 'xml_to_component_json'
DEBUG: Skipping invalid module SteerChassis_SingleWheel: module 'core.resource_adapter' has no attribute 'xml_to_component_json'
DEBUG: Skipping invalid module ABS_ENCODE: module 'core.resource_adapter' has no attribute 'xml_to_component_json'
DEBUG: Skipping invalid module SM020BA-45: module 'core.resource_adapter' has no attribute 'xml_to_component_json'
DEBUG: Skipping invalid module F6-2000 servo_driver: module 'core.resource_adapter' has no attribute 'xml_to_component_json'
DEBUG: Skipping invalid module block-Common: module 'core.resource_adapter' has no attribute 'xml_to_component_json'
DEBUG: Skipping invalid module segDisplays-Common: module 'core.resource_adapter' has no attribute 'xml_to_component_json'
DEBUG: Skipping invalid module verticalSteerWheel-Common: module 'core.resource_adapter' has no attribute 'xml_to_component_json'
DEBUG: Skipping invalid module 3DTOF-Common: module 'core.resource_adapter' has no attribute 'xml_to_component_json'
DEBUG: Skipping invalid module pullWireEncode-Common: module 'core.resource_adapter' has no attribute 'xml_to_component_json'
DEBUG: Skipping invalid module MR-LS-06H-N3025N: module 'core.resource_adapter' has no attribute 'xml_to_component_json'
DEBUG: Skipping invalid module SDSP-MV-85017(V1.0)-GD: module 'core.resource_adapter' has no attribute 'xml_to_component_json'
DEBUG: Skipping invalid module IxLII 20.40.48.C: module 'core.resource_adapter' has no attribute 'xml_to_component_json'
DEBUG: Skipping invalid module SD-R-Q3-DriveVV1: module 'core.resource_adapter' has no attribute 'xml_to_component_json'
DEBUG: Skipping invalid module STEREO-MV-EB435i: module 'core.resource_adapter' has no attribute 'xml_to_component_json'
DEBUG: Skipping invalid module TOF-Common: module 'core.resource_adapter' has no attribute 'xml_to_component_json'
DEBUG: Skipping invalid module carrier-Common: module 'core.resource_adapter' has no attribute 'xml_to_component_json'
DEBUG: Skipping invalid module ethernetSwitch-Common: module 'core.resource_adapter' has no attribute 'xml_to_component_json'
DEBUG: Skipping invalid module incrementalEncode-Common: module 'core.resource_adapter' has no attribute 'xml_to_component_json'
DEBUG: Skipping invalid module lift-Q3: module 'core.resource_adapter' has no attribute 'xml_to_component_json'
DEBUG: Skipping invalid module steerChassis-Common: module 'core.resource_adapter' has no attribute 'xml_to_component_json'
DEBUG: Skipping invalid module audioIn-Common: module 'core.resource_adapter' has no attribute 'xml_to_component_json'
DEBUG: Skipping invalid module LS-MID_360: module 'core.resource_adapter' has no attribute 'xml_to_component_json'
DEBUG: Skipping invalid module BDCMotor-Common: module 'core.resource_adapter' has no attribute 'xml_to_component_json'
DEBUG: Skipping invalid module SD-RA-DRD-4814SA: module 'core.resource_adapter' has no attribute 'xml_to_component_json'
DEBUG: Skipping invalid module 5G-TE310: module 'core.resource_adapter' has no attribute 'xml_to_component_json'
DEBUG: Skipping invalid module DIFF_STEER_WHEELS_DOUBL(双差速舵轮): module 'core.resource_adapter' has no attribute 'xml_to_component_json'
DEBUG: Skipping invalid module ABZEncode-Common: module 'core.resource_adapter' has no attribute 'xml_to_component_json'
DEBUG: Skipping invalid module WARLIGHT-RS-PLS-L563T01: module 'core.resource_adapter' has no attribute 'xml_to_component_json'
DEBUG: Skipping invalid module linear-Common: module 'core.resource_adapter' has no attribute 'xml_to_component_json'
DEBUG: Skipping invalid module PIO-Common: module 'core.resource_adapter' has no attribute 'xml_to_component_json'
DEBUG: Skipping invalid module SteerChassis_DoubleWheel: module 'core.resource_adapter' has no attribute 'xml_to_component_json'
DEBUG: Skipping invalid module F6-2000 _motor(RUN): module 'core.resource_adapter' has no attribute 'xml_to_component_json'
DEBUG: Skipping invalid module MOTOR-MCXL501TAF3KM: module 'core.resource_adapter' has no attribute 'xml_to_component_json'
DEBUG: Skipping invalid module TYD150-SM07530BA-20-11020-SM020BA-45.H173: module 'core.resource_adapter' has no attribute 'xml_to_component_json'
DEBUG: Skipping invalid module laser-Common: module 'core.resource_adapter' has no attribute 'xml_to_component_json'
DEBUG: Skipping invalid module AbsEncoder-H8: module 'core.resource_adapter' has no attribute 'xml_to_component_json'
DEBUG: Skipping invalid module charge-Common: module 'core.resource_adapter' has no attribute 'xml_to_component_json'
DEBUG: Skipping invalid module RFID-Common: module 'core.resource_adapter' has no attribute 'xml_to_component_json'
DEBUG: Skipping invalid module LAMP-MV-85016-REV1.0: module 'core.resource_adapter' has no attribute 'xml_to_component_json'
DEBUG: Skipping invalid module LS-MR-LS-01F: module 'core.resource_adapter' has no attribute 'xml_to_component_json'
DEBUG: Skipping invalid module diffSteerWheel-Common: module 'core.resource_adapter' has no attribute 'xml_to_component_json'
DEBUG: Skipping invalid module IxLII 30.60.48.C : module 'core.resource_adapter' has no attribute 'xml_to_component_json'
DEBUG: Skipping invalid module safetyController-Common: module 'core.resource_adapter' has no attribute 'xml_to_component_json'
DEBUG: Skipping invalid module MCPU-RA-MC-R349AD-21BH0: module 'core.resource_adapter' has no attribute 'xml_to_component_json'
DEBUG: Skipping invalid module binocularCameraProcessor-Common: module 'core.resource_adapter' has no attribute 'xml_to_component_json'
DEBUG: Skipping invalid module proximitySensor-Common: module 'core.resource_adapter' has no attribute 'xml_to_component_json'
DEBUG: Skipping invalid module prechargeController-Common: module 'core.resource_adapter' has no attribute 'xml_to_component_json'
DEBUG: Skipping invalid module clamp-Common: module 'core.resource_adapter' has no attribute 'xml_to_component_json'
DEBUG: Skipping invalid module demo_sensor: module 'core.resource_adapter' has no attribute 'xml_to_component_json'
DEBUG: Skipping invalid module MOTOR-MCXL501TAFUKM: module 'core.resource_adapter' has no attribute 'xml_to_component_json'
DEBUG: Skipping invalid module rotate-Common: module 'core.resource_adapter' has no attribute 'xml_to_component_json'
DEBUG: Skipping invalid module BTN-NoEmergency: module 'core.resource_adapter' has no attribute 'xml_to_component_json'
DEBUG: Skipping invalid module SC-R-fourth-safety controller-NS.02.R-A1: module 'core.resource_adapter' has no attribute 'xml_to_component_json'
DEBUG: Skipping invalid module IC-R-fourth-sensor processor-NS.02.R-A1: module 'core.resource_adapter' has no attribute 'xml_to_component_json'
DEBUG: Skipping invalid module Q3-600LE-DIF: module 'core.resource_adapter' has no attribute 'xml_to_component_json'
DEBUG: Skipping invalid module H8-Steerwheel: module 'core.resource_adapter' has no attribute 'xml_to_component_json'
DEBUG: Skipping invalid module infrared-Common: module 'core.resource_adapter' has no attribute 'xml_to_component_json'
DEBUG: Skipping invalid module BAT-U-MR-LFP-480024-F1-C-Aa0: module 'core.resource_adapter' has no attribute 'xml_to_component_json'
DEBUG: Skipping invalid module translation-Common: module 'core.resource_adapter' has no attribute 'xml_to_component_json'
DEBUG: Skipping invalid module horizontalSteerWheel-Common: module 'core.resource_adapter' has no attribute 'xml_to_component_json'
DEBUG: Skipping invalid module warningLight-Common: module 'core.resource_adapter' has no attribute 'xml_to_component_json'
DEBUG: Skipping invalid module BAT-LSM18-J050LB-T0: module 'core.resource_adapter' has no attribute 'xml_to_component_json'
DEBUG: Skipping invalid module Power Controller board: module 'core.resource_adapter' has no attribute 'xml_to_component_json'
DEBUG: Skipping invalid module power-Common: module 'core.resource_adapter' has no attribute 'xml_to_component_json'
DEBUG: Skipping invalid module lamp-Common: module 'core.resource_adapter' has no attribute 'xml_to_component_json'
DEBUG: Skipping invalid module SM020BB-50: module 'core.resource_adapter' has no attribute 'xml_to_component_json'
DEBUG: Skipping invalid module SM15030BA-20: module 'core.resource_adapter' has no attribute 'xml_to_component_json'
DEBUG: Skipping invalid module collisionBaro-Common: module 'core.resource_adapter' has no attribute 'xml_to_component_json'
DEBUG: Skipping invalid module DIFF_WHEELS(差速轮组): module 'core.resource_adapter' has no attribute 'xml_to_component_json'
DEBUG: Skipping invalid module MOTOR-00SV04202-0750K-012: module 'core.resource_adapter' has no attribute 'xml_to_component_json'
DEBUG: Skipping invalid module tempSensor-Common: module 'core.resource_adapter' has no attribute 'xml_to_component_json'
DEBUG: Skipping invalid module comDo-Common: module 'core.resource_adapter' has no attribute 'xml_to_component_json'
DEBUG: Skipping invalid module LS-MR-LS-01H-N2725: module 'core.resource_adapter' has no attribute 'xml_to_component_json'
DEBUG: Skipping invalid module GYRO-GENERAL: module 'core.resource_adapter' has no attribute 'xml_to_component_json'
DEBUG: Skipping invalid module bluetooth-Common: module 'core.resource_adapter' has no attribute 'xml_to_component_json'
DEBUG: Skipping invalid module audioOut-Common: module 'core.resource_adapter' has no attribute 'xml_to_component_json'
DEBUG: Skipping invalid module SSC-RS-HMI-LED: module 'core.resource_adapter' has no attribute 'xml_to_component_json'
DEBUG: Skipping invalid module BLDCMotor-Common: module 'core.resource_adapter' has no attribute 'xml_to_component_json'
DEBUG: Skipping invalid module interfaceModule: module 'core.resource_adapter' has no attribute 'xml_to_component_json'
DEBUG: Skipping invalid module BTN-Cable-Mizu2F-to-Switch-70mm-RD-BK: module 'core.resource_adapter' has no attribute 'xml_to_component_json'
DEBUG: Skipping invalid module IM-R-R-Commen-Upper board-PC.COM.-A1: module 'core.resource_adapter' has no attribute 'xml_to_component_json'
DEBUG: Skipping invalid module weighProcessor-Common: module 'core.resource_adapter' has no attribute 'xml_to_component_json'
DEBUG: Skipping invalid module EC-SV11D1-100M01NB-C01: module 'core.resource_adapter' has no attribute 'xml_to_component_json'
DEBUG: Skipping invalid module LS-MR-LS-01F-S1533: module 'core.resource_adapter' has no attribute 'xml_to_component_json'
DEBUG: Skipping invalid module gyro-Common: module 'core.resource_adapter' has no attribute 'xml_to_component_json'
DEBUG: Skipping invalid module RemoteControl: module 'core.resource_adapter' has no attribute 'xml_to_component_json'
DEBUG: Skipping invalid module IO-lnterface board: module 'core.resource_adapter' has no attribute 'xml_to_component_json'
DEBUG: Skipping invalid module intergratedController-Common: module 'core.resource_adapter' has no attribute 'xml_to_component_json'
DEBUG: Skipping invalid module battery-Common: module 'core.resource_adapter' has no attribute 'xml_to_component_json'
DEBUG: Skipping invalid module ultrasonicSensor-Common: module 'core.resource_adapter' has no attribute 'xml_to_component_json'
DEBUG: Skipping invalid module TOFProcessor-Common: module 'core.resource_adapter' has no attribute 'xml_to_component_json'
DEBUG: Skipping invalid module WAPI-Common: module 'core.resource_adapter' has no attribute 'xml_to_component_json'
DEBUG: Skipping invalid module TYD150-SM07530BA-18.9-10020-SM020BB-50: module 'core.resource_adapter' has no attribute 'xml_to_component_json'
DEBUG: Skipping invalid module MR-LS-06H-N3025(1-6A): module 'core.resource_adapter' has no attribute 'xml_to_component_json'
DEBUG: Skipping invalid module VER_STEER_WHEELS_DOUBL(双立式舵轮): module 'core.resource_adapter' has no attribute 'xml_to_component_json'
DEBUG: Skipping invalid module lift-Common: module 'core.resource_adapter' has no attribute 'xml_to_component_json'
DEBUG: Skipping invalid module subDriver-Common: module 'core.resource_adapter' has no attribute 'xml_to_component_json'
DEBUG: Skipping invalid module RA-SP_E-A-11AH0: module 'core.resource_adapter' has no attribute 'xml_to_component_json'
DEBUG: Skipping invalid module MR-LS-07H-S2025(1-6C): module 'core.resource_adapter' has no attribute 'xml_to_component_json'
DEBUG: Skipping invalid module screen-Common: module 'core.resource_adapter' has no attribute 'xml_to_component_json'
DEBUG: Skipping invalid module SM15030BA-18.9: module 'core.resource_adapter' has no attribute 'xml_to_component_json'
DEBUG: Skipping invalid module screenHDMI-Common: module 'core.resource_adapter' has no attribute 'xml_to_component_json'
DEBUG: Skipping invalid module stereo-Common: module 'core.resource_adapter' has no attribute 'xml_to_component_json'
DEBUG: Skipping invalid module weighSensor-Common: module 'core.resource_adapter' has no attribute 'xml_to_component_json'
DEBUG: Skipping invalid module encoderProcessor-Common: module 'core.resource_adapter' has no attribute 'xml_to_component_json'
DEBUG: Skipping invalid module PZTB-WMN-A539-850-A0: module 'core.resource_adapter' has no attribute 'xml_to_component_json'
DEBUG: Skipping invalid module absoluteValueEncode-Common: module 'core.resource_adapter' has no attribute 'xml_to_component_json'
DEBUG: Skipping invalid module MCPU-RA-MC-R318AT: module 'core.resource_adapter' has no attribute 'xml_to_component_json'
DEBUG: Skipping invalid module PX-SN18-08BNAE-1: module 'core.resource_adapter' has no attribute 'xml_to_component_json'
DEBUG: Skipping invalid module 3DLaser-Common: module 'core.resource_adapter' has no attribute 'xml_to_component_json'
DEBUG: Skipping invalid module ultrasonicProcessor-Common: module 'core.resource_adapter' has no attribute 'xml_to_component_json'
DEBUG: Skipping invalid module CAMERA-MV_SC2000AM: module 'core.resource_adapter' has no attribute 'xml_to_component_json'
DEBUG: Skipping invalid module audioOutWithCan-Common: module 'core.resource_adapter' has no attribute 'xml_to_component_json'
DEBUG: Skipping invalid module AUO-R-MV-83139-Speak: module 'core.resource_adapter' has no attribute 'xml_to_component_json'
DEBUG: Skipping invalid module weakSteerWheel-Common: module 'core.resource_adapter' has no attribute 'xml_to_component_json'
DEBUG: Skipping invalid module ABZEncode: module 'core.resource_adapter' has no attribute 'xml_to_component_json'
DEBUG: Skipping invalid module collisionPize-Common: module 'core.resource_adapter' has no attribute 'xml_to_component_json'
DEBUG: Skipping invalid module BTN-Emergency: module 'core.resource_adapter' has no attribute 'xml_to_component_json'
DEBUG: Skipping invalid module demo_module: module 'core.resource_adapter' has no attribute 'xml_to_component_json'
DEBUG: Skipping invalid module PT-Common: module 'core.resource_adapter' has no attribute 'xml_to_component_json'
DEBUG: Skipping invalid module diffChassis-Common: module 'core.resource_adapter' has no attribute 'xml_to_component_json'
DEBUG: Skipping invalid module diffWheel-Common: module 'core.resource_adapter' has no attribute 'xml_to_component_json'
INFO:     127.0.0.1:49548 - "GET /api/v1/resources/modules HTTP/1.1" 200 OK
